{
  "version": "1.5.0",
  "plugins_used": [
    {
      "name": "ArtifactoryDetector"
    },
    {
      "name": "AWSKeyDetector"
    },
    {
      "name": "AzureStorageKeyDetector"
    },
    {
      "name": "Base64HighEntropyString",
      "limit": 4.5
    },
    {
      "name": "BasicAuthDetector"
    },
    {
      "name": "CloudantDetector"
    },
    {
      "name": "DiscordBotTokenDetector"
    },
    {
      "name": "GitHubTokenDetector"
    },
    {
      "name": "GitLabTokenDetector"
    },
    {
      "name": "HexHighEntropyString",
      "limit": 3.0
    },
    {
      "name": "IbmCloudIamDetector"
    },
    {
      "name": "IbmCosHmacDetector"
    },
    {
      "name": "IPPublicDetector"
    },
    {
      "name": "JwtTokenDetector"
    },
    {
      "name": "KeywordDetector",
      "keyword_exclude": ""
    },
    {
      "name": "MailchimpDetector"
    },
    {
      "name": "NpmDetector"
    },
    {
      "name": "OpenAIDetector"
    },
    {
      "name": "PrivateKeyDetector"
    },
    {
      "name": "PypiTokenDetector"
    },
    {
      "name": "SendGridDetector"
    },
    {
      "name": "SlackDetector"
    },
    {
      "name": "SoftlayerDetector"
    },
    {
      "name": "SquareOAuthDetector"
    },
    {
      "name": "StripeDetector"
    },
    {
      "name": "TelegramBotTokenDetector"
    },
    {
      "name": "TwilioKeyDetector"
    }
  ],
  "filters_used": [
    {
      "path": "detect_secrets.filters.allowlist.is_line_allowlisted"
    },
    {
      "path": "detect_secrets.filters.common.is_baseline_file",
      "filename": ".secrets.baseline"
    },
    {
      "path": "detect_secrets.filters.common.is_ignored_due_to_verification_policies",
      "min_level": 2
    },
    {
      "path": "detect_secrets.filters.heuristic.is_indirect_reference"
    },
    {
      "path": "detect_secrets.filters.heuristic.is_likely_id_string"
    },
    {
      "path": "detect_secrets.filters.heuristic.is_lock_file"
    },
    {
      "path": "detect_secrets.filters.heuristic.is_not_alphanumeric_string"
    },
    {
      "path": "detect_secrets.filters.heuristic.is_potential_uuid"
    },
    {
      "path": "detect_secrets.filters.heuristic.is_prefixed_with_dollar_sign"
    },
    {
      "path": "detect_secrets.filters.heuristic.is_sequential_string"
    },
    {
      "path": "detect_secrets.filters.heuristic.is_swagger_file"
    },
    {
      "path": "detect_secrets.filters.heuristic.is_templated_secret"
    }
  ],
  "results": {
    ".env.example": [
      {
        "type": "Basic Auth Credentials",
        "filename": ".env.example",
        "hashed_secret": "d848d2b090c51a5c77b4a9c06ec471e47fa9085b",
        "is_verified": false,
        "line_number": 16
      }
    ],
    ".github/workflows/ci.yml": [
      {
        "type": "Secret Keyword",
        "filename": ".github/workflows/ci.yml",
        "hashed_secret": "35faa86736814480b9dc1b6eeff28cb6b886f13d",
        "is_verified": false,
        "line_number": 27
      },
      {
        "type": "Basic Auth Credentials",
        "filename": ".github/workflows/ci.yml",
        "hashed_secret": "35faa86736814480b9dc1b6eeff28cb6b886f13d",
        "is_verified": false,
        "line_number": 46
      },
      {
        "type": "Secret Keyword",
        "filename": ".github/workflows/ci.yml",
        "hashed_secret": "12e9ce468d08ad50c1312c1ec52aade845be67d6",
        "is_verified": false,
        "line_number": 49
      }
    ],
    ".github/workflows/lab-e2e.yml": [
      {
        "type": "Secret Keyword",
        "filename": ".github/workflows/lab-e2e.yml",
        "hashed_secret": "afc848c316af1a89d49826c5ae9d00ed769415f3",
        "is_verified": false,
        "line_number": 35
      },
      {
        "type": "Basic Auth Credentials",
        "filename": ".github/workflows/lab-e2e.yml",
        "hashed_secret": "afc848c316af1a89d49826c5ae9d00ed769415f3",
        "is_verified": false,
        "line_number": 49
      },
      {
        "type": "Secret Keyword",
        "filename": ".github/workflows/lab-e2e.yml",
        "hashed_secret": "27d6404441ee41cddd46b722063d0be409a58a32",
        "is_verified": false,
        "line_number": 51
      },
      {
        "type": "Secret Keyword",
        "filename": ".github/workflows/lab-e2e.yml",
        "hashed_secret": "1e1e81cd01b0d8546f15a86e92d86e285a639404",
        "is_verified": false,
        "line_number": 78
      }
    ],
    ".github/workflows/release.yml": [
      {
        "type": "Secret Keyword",
        "filename": ".github/workflows/release.yml",
        "hashed_secret": "afc848c316af1a89d49826c5ae9d00ed769415f3",
        "is_verified": false,
        "line_number": 44
      },
      {
        "type": "Basic Auth Credentials",
        "filename": ".github/workflows/release.yml",
        "hashed_secret": "afc848c316af1a89d49826c5ae9d00ed769415f3",
        "is_verified": false,
        "line_number": 57
      },
      {
        "type": "Secret Keyword",
        "filename": ".github/workflows/release.yml",
        "hashed_secret": "27d6404441ee41cddd46b722063d0be409a58a32",
        "is_verified": false,
        "line_number": 60
      }
    ],
    "backend/alembic/versions/1de6a8485e08_scan_result_fingerprint.py": [
      {
        "type": "Hex High Entropy String",
        "filename": "backend/alembic/versions/1de6a8485e08_scan_result_fingerprint.py",
        "hashed_secret": "482e8ce817d2d5fcf6e3064b13b4d6fa032fd22e",
        "is_verified": false,
        "line_number": 14
      },
      {
        "type": "Hex High Entropy String",
        "filename": "backend/alembic/versions/1de6a8485e08_scan_result_fingerprint.py",
        "hashed_secret": "e562c18295e6eb69487ec1fa1994bac88d84a5a2",
        "is_verified": false,
        "line_number": 15
      }
    ],
    "backend/alembic/versions/24731f9e68f9_remediation_tasks_and_retest_results.py": [
      {
        "type": "Hex High Entropy String",
        "filename": "backend/alembic/versions/24731f9e68f9_remediation_tasks_and_retest_results.py",
        "hashed_secret": "0b8988d220670b01ffc5547ad082a1d2c0b05724",
        "is_verified": false,
        "line_number": 27
      },
      {
        "type": "Hex High Entropy String",
        "filename": "backend/alembic/versions/24731f9e68f9_remediation_tasks_and_retest_results.py",
        "hashed_secret": "56245e2b5c51cdcff563a231b0a0a438571943fa",
        "is_verified": false,
        "line_number": 28
      }
    ],
    "backend/alembic/versions/5eb0b279571d_code_scope_and_appsec_budgets.py": [
      {
        "type": "Hex High Entropy String",
        "filename": "backend/alembic/versions/5eb0b279571d_code_scope_and_appsec_budgets.py",
        "hashed_secret": "e562c18295e6eb69487ec1fa1994bac88d84a5a2",
        "is_verified": false,
        "line_number": 14
      },
      {
        "type": "Hex High Entropy String",
        "filename": "backend/alembic/versions/5eb0b279571d_code_scope_and_appsec_budgets.py",
        "hashed_secret": "8cf7d2bae84d1da3a771878a0e73c66fa14310e9",
        "is_verified": false,
        "line_number": 15
      }
    ],
    "backend/alembic/versions/7fb3c0b81e34_findings.py": [
      {
        "type": "Hex High Entropy String",
        "filename": "backend/alembic/versions/7fb3c0b81e34_findings.py",
        "hashed_secret": "24b082373f714c0390e01ce4c39262a83d2b609a",
        "is_verified": false,
        "line_number": 14
      }
    ],
    "backend/alembic/versions/8ac60b818f52_assessment_runs_and_run_events.py": [
      {
        "type": "Hex High Entropy String",
        "filename": "backend/alembic/versions/8ac60b818f52_assessment_runs_and_run_events.py",
        "hashed_secret": "35a9357bb273464b6d3a5a174545dddff0f41e35",
        "is_verified": false,
        "line_number": 14
      }
    ],
    "backend/alembic/versions/8c8d98669e95_scan_result_measurement.py": [
      {
        "type": "Hex High Entropy String",
        "filename": "backend/alembic/versions/8c8d98669e95_scan_result_measurement.py",
        "hashed_secret": "f8a2765611e0a183eb316f4350b8bba48679ec01",
        "is_verified": false,
        "line_number": 15
      }
    ],
    "backend/alembic/versions/a1c7e29f4d83_user_sessions.py": [
      {
        "type": "Hex High Entropy String",
        "filename": "backend/alembic/versions/a1c7e29f4d83_user_sessions.py",
        "hashed_secret": "efba3b824cb88ff40c5ed02f97e237043a4e405c",
        "is_verified": false,
        "line_number": 19
      },
      {
        "type": "Hex High Entropy String",
        "filename": "backend/alembic/versions/a1c7e29f4d83_user_sessions.py",
        "hashed_secret": "72231a5f1d31afda5b92a23a31043c260ce90ae2",
        "is_verified": false,
        "line_number": 20
      }
    ],
    "backend/alembic/versions/a1c7e4f09b52_scan_result_evidence_ref.py": [
      {
        "type": "Hex High Entropy String",
        "filename": "backend/alembic/versions/a1c7e4f09b52_scan_result_evidence_ref.py",
        "hashed_secret": "56245e2b5c51cdcff563a231b0a0a438571943fa",
        "is_verified": false,
        "line_number": 19
      },
      {
        "type": "Hex High Entropy String",
        "filename": "backend/alembic/versions/a1c7e4f09b52_scan_result_evidence_ref.py",
        "hashed_secret": "24b082373f714c0390e01ce4c39262a83d2b609a",
        "is_verified": false,
        "line_number": 20
      }
    ],
    "backend/alembic/versions/a1c7f4d92b30_notification_channels.py": [
      {
        "type": "Hex High Entropy String",
        "filename": "backend/alembic/versions/a1c7f4d92b30_notification_channels.py",
        "hashed_secret": "43cb612e66c08825da81f1280082cb1cd09a82c9",
        "is_verified": false,
        "line_number": 21
      },
      {
        "type": "Hex High Entropy String",
        "filename": "backend/alembic/versions/a1c7f4d92b30_notification_channels.py",
        "hashed_secret": "47ed639c9c46fa4e26d32b4215ab8785ba62eea2",
        "is_verified": false,
        "line_number": 22
      }
    ],
    "backend/alembic/versions/a5ce92c3aac3_scan_results.py": [
      {
        "type": "Hex High Entropy String",
        "filename": "backend/alembic/versions/a5ce92c3aac3_scan_results.py",
        "hashed_secret": "5643dd2e8b630241bf58561cb684633d431fb413",
        "is_verified": false,
        "line_number": 15
      }
    ],
    "backend/alembic/versions/b8e3f01c7d24_runtime_protection.py": [
      {
        "type": "Hex High Entropy String",
        "filename": "backend/alembic/versions/b8e3f01c7d24_runtime_protection.py",
        "hashed_secret": "04322f3decb70bb1d7120c1396b6446a53a52228",
        "is_verified": false,
        "line_number": 21
      },
      {
        "type": "Hex High Entropy String",
        "filename": "backend/alembic/versions/b8e3f01c7d24_runtime_protection.py",
        "hashed_secret": "15d559b3b18cc50baaa6b36d07b0e80f20dfeff9",
        "is_verified": false,
        "line_number": 22
      }
    ],
    "backend/alembic/versions/c0a83fd9f643_surface_body_fields_and_synthetic_.py": [
      {
        "type": "Hex High Entropy String",
        "filename": "backend/alembic/versions/c0a83fd9f643_surface_body_fields_and_synthetic_.py",
        "hashed_secret": "5643dd2e8b630241bf58561cb684633d431fb413",
        "is_verified": false,
        "line_number": 14
      },
      {
        "type": "Hex High Entropy String",
        "filename": "backend/alembic/versions/c0a83fd9f643_surface_body_fields_and_synthetic_.py",
        "hashed_secret": "35a9357bb273464b6d3a5a174545dddff0f41e35",
        "is_verified": false,
        "line_number": 15
      }
    ],
    "backend/alembic/versions/c5e81a0d4f37_api_keys.py": [
      {
        "type": "Hex High Entropy String",
        "filename": "backend/alembic/versions/c5e81a0d4f37_api_keys.py",
        "hashed_secret": "47ed639c9c46fa4e26d32b4215ab8785ba62eea2",
        "is_verified": false,
        "line_number": 18
      },
      {
        "type": "Hex High Entropy String",
        "filename": "backend/alembic/versions/c5e81a0d4f37_api_keys.py",
        "hashed_secret": "0b8988d220670b01ffc5547ad082a1d2c0b05724",
        "is_verified": false,
        "line_number": 19
      }
    ],
    "backend/alembic/versions/c93f2a7e15b8_vcs_connections.py": [
      {
        "type": "Hex High Entropy String",
        "filename": "backend/alembic/versions/c93f2a7e15b8_vcs_connections.py",
        "hashed_secret": "9771cdc0e6ea0714f7d889fad2fc7ee94055f3a6",
        "is_verified": false,
        "line_number": 16
      },
      {
        "type": "Hex High Entropy String",
        "filename": "backend/alembic/versions/c93f2a7e15b8_vcs_connections.py",
        "hashed_secret": "43cb612e66c08825da81f1280082cb1cd09a82c9",
        "is_verified": false,
        "line_number": 17
      }
    ],
    "backend/alembic/versions/d3a4e6b2d655_ai_drafts.py": [
      {
        "type": "Hex High Entropy String",
        "filename": "backend/alembic/versions/d3a4e6b2d655_ai_drafts.py",
        "hashed_secret": "f8a2765611e0a183eb316f4350b8bba48679ec01",
        "is_verified": false,
        "line_number": 14
      },
      {
        "type": "Hex High Entropy String",
        "filename": "backend/alembic/versions/d3a4e6b2d655_ai_drafts.py",
        "hashed_secret": "482e8ce817d2d5fcf6e3064b13b4d6fa032fd22e",
        "is_verified": false,
        "line_number": 15
      }
    ],
    "backend/alembic/versions/d4a91f3e0c5b_user_tokens_valid_after.py": [
      {
        "type": "Hex High Entropy String",
        "filename": "backend/alembic/versions/d4a91f3e0c5b_user_tokens_valid_after.py",
        "hashed_secret": "72231a5f1d31afda5b92a23a31043c260ce90ae2",
        "is_verified": false,
        "line_number": 19
      },
      {
        "type": "Hex High Entropy String",
        "filename": "backend/alembic/versions/d4a91f3e0c5b_user_tokens_valid_after.py",
        "hashed_secret": "04322f3decb70bb1d7120c1396b6446a53a52228",
        "is_verified": false,
        "line_number": 20
      }
    ],
    "backend/alembic/versions/d88650c401d7_target_adapter_config_and_declared_tools.py": [
      {
        "type": "Hex High Entropy String",
        "filename": "backend/alembic/versions/d88650c401d7_target_adapter_config_and_declared_tools.py",
        "hashed_secret": "8cf7d2bae84d1da3a771878a0e73c66fa14310e9",
        "is_verified": false,
        "line_number": 14
      }
    ],
    "backend/alembic/versions/e4b1c6d83a29_allow_state_mutation.py": [
      {
        "type": "Hex High Entropy String",
        "filename": "backend/alembic/versions/e4b1c6d83a29_allow_state_mutation.py",
        "hashed_secret": "0cd951d2474965a0989039904f5ef8d5619156a4",
        "is_verified": false,
        "line_number": 21
      },
      {
        "type": "Hex High Entropy String",
        "filename": "backend/alembic/versions/e4b1c6d83a29_allow_state_mutation.py",
        "hashed_secret": "9771cdc0e6ea0714f7d889fad2fc7ee94055f3a6",
        "is_verified": false,
        "line_number": 22
      }
    ],
    "backend/alembic/versions/f7a2d91b40c6_workflows.py": [
      {
        "type": "Hex High Entropy String",
        "filename": "backend/alembic/versions/f7a2d91b40c6_workflows.py",
        "hashed_secret": "15d559b3b18cc50baaa6b36d07b0e80f20dfeff9",
        "is_verified": false,
        "line_number": 17
      },
      {
        "type": "Hex High Entropy String",
        "filename": "backend/alembic/versions/f7a2d91b40c6_workflows.py",
        "hashed_secret": "0cd951d2474965a0989039904f5ef8d5619156a4",
        "is_verified": false,
        "line_number": 18
      }
    ],
    "backend/app/core/appsec/contract.py": [
      {
        "type": "Secret Keyword",
        "filename": "backend/app/core/appsec/contract.py",
        "hashed_secret": "fe86558143c0bd528f649a153bdc32b8fa90301c",
        "is_verified": false,
        "line_number": 26
      }
    ],
    "backend/app/core/config.py": [
      {
        "type": "Basic Auth Credentials",
        "filename": "backend/app/core/config.py",
        "hashed_secret": "afc848c316af1a89d49826c5ae9d00ed769415f3",
        "is_verified": false,
        "line_number": 23
      },
      {
        "type": "Secret Keyword",
        "filename": "backend/app/core/config.py",
        "hashed_secret": "42ab0216ba50064ba5d8e415b784d99f20b3fb39",
        "is_verified": false,
        "line_number": 159
      }
    ],
    "backend/tests/conftest.py": [
      {
        "type": "Basic Auth Credentials",
        "filename": "backend/tests/conftest.py",
        "hashed_secret": "afc848c316af1a89d49826c5ae9d00ed769415f3",
        "is_verified": false,
        "line_number": 13
      }
    ],
    "backend/tests/lab/ai_handlers.py": [
      {
        "type": "Base64 High Entropy String",
        "filename": "backend/tests/lab/ai_handlers.py",
        "hashed_secret": "6d7bd4ee8edb7eecbc7abae7b4bfed13f8ce36f9",
        "is_verified": false,
        "line_number": 26
      },
      {
        "type": "Secret Keyword",
        "filename": "backend/tests/lab/ai_handlers.py",
        "hashed_secret": "6d7bd4ee8edb7eecbc7abae7b4bfed13f8ce36f9",
        "is_verified": false,
        "line_number": 26
      },
      {
        "type": "Basic Auth Credentials",
        "filename": "backend/tests/lab/ai_handlers.py",
        "hashed_secret": "f84da01e5469e42c2401553458ae455818bf196e",
        "is_verified": false,
        "line_number": 28
      }
    ],
    "backend/tests/lab/handlers.py": [
      {
        "type": "Basic Auth Credentials",
        "filename": "backend/tests/lab/handlers.py",
        "hashed_secret": "3953f9ddf975ab5097ee468d99555c5b441169bf",
        "is_verified": false,
        "line_number": 68
      }
    ],
    "backend/tests/lab/repos/vulnerable/src/app.py": [
      {
        "type": "AWS Access Key",
        "filename": "backend/tests/lab/repos/vulnerable/src/app.py",
        "hashed_secret": "25910f981e85ca04baf359199dd0bd4a3ae738b6",
        "is_verified": false,
        "line_number": 10
      },
      {
        "type": "Basic Auth Credentials",
        "filename": "backend/tests/lab/repos/vulnerable/src/app.py",
        "hashed_secret": "be52a21f79fefcb42f3e95d61f85b7607dc6bec1",
        "is_verified": false,
        "line_number": 11
      }
    ],
    "backend/tests/security/test_assistant_boundary.py": [
      {
        "type": "Secret Keyword",
        "filename": "backend/tests/security/test_assistant_boundary.py",
        "hashed_secret": "022098e42377befd7c72aed9f6b7a3242e10c053",
        "is_verified": false,
        "line_number": 232
      }
    ],
    "backend/tests/security/test_csrf.py": [
      {
        "type": "Secret Keyword",
        "filename": "backend/tests/security/test_csrf.py",
        "hashed_secret": "c0be84827316f06fd1fd04805c729a4ab600d073",
        "is_verified": false,
        "line_number": 310
      },
      {
        "type": "Secret Keyword",
        "filename": "backend/tests/security/test_csrf.py",
        "hashed_secret": "ad782ecdac770fc6eb9a62e44f90873fb97fb26b",
        "is_verified": false,
        "line_number": 370
      }
    ],
    "backend/tests/security/test_repository_checkout.py": [
      {
        "type": "Basic Auth Credentials",
        "filename": "backend/tests/security/test_repository_checkout.py",
        "hashed_secret": "e5e9fa1ba31ecd1ae84f75caaa474f3a663f05f4",
        "is_verified": false,
        "line_number": 58
      }
    ],
    "backend/tests/test_appsec_engines.py": [
      {
        "type": "AWS Access Key",
        "filename": "backend/tests/test_appsec_engines.py",
        "hashed_secret": "25910f981e85ca04baf359199dd0bd4a3ae738b6",
        "is_verified": false,
        "line_number": 164
      },
      {
        "type": "Hex High Entropy String",
        "filename": "backend/tests/test_appsec_engines.py",
        "hashed_secret": "9cef7fe8b1849f0475b80a19b14a6013a2ecce64",
        "is_verified": false,
        "line_number": 529
      },
      {
        "type": "Secret Keyword",
        "filename": "backend/tests/test_appsec_engines.py",
        "hashed_secret": "427065c8db7bdc2e882abffabc0b12b722ef58e9",
        "is_verified": false,
        "line_number": 544
      },
      {
        "type": "Hex High Entropy String",
        "filename": "backend/tests/test_appsec_engines.py",
        "hashed_secret": "e8d92976ab5f249ab6084871697b7341218fe9c7",
        "is_verified": false,
        "line_number": 588
      }
    ],
    "backend/tests/test_code_scan_e2e.py": [
      {
        "type": "AWS Access Key",
        "filename": "backend/tests/test_code_scan_e2e.py",
        "hashed_secret": "25910f981e85ca04baf359199dd0bd4a3ae738b6",
        "is_verified": false,
        "line_number": 170
      }
    ],
    "backend/tests/test_dast.py": [
      {
        "type": "Basic Auth Credentials",
        "filename": "backend/tests/test_dast.py",
        "hashed_secret": "9d4e1e23bd5b727046a9e3b4b7db57bd8d6ee684",
        "is_verified": false,
        "line_number": 307
      }
    ],
    "backend/tests/test_demo_lab.py": [
      {
        "type": "Secret Keyword",
        "filename": "backend/tests/test_demo_lab.py",
        "hashed_secret": "e0538dbde0484e599b41a65cc6a9d443b5011520",
        "is_verified": false,
        "line_number": 101
      }
    ],
    "backend/tests/test_evidence.py": [
      {
        "type": "AWS Access Key",
        "filename": "backend/tests/test_evidence.py",
        "hashed_secret": "25910f981e85ca04baf359199dd0bd4a3ae738b6",
        "is_verified": false,
        "line_number": 38
      },
      {
        "type": "Basic Auth Credentials",
        "filename": "backend/tests/test_evidence.py",
        "hashed_secret": "58e42de2b85111fbb5f7dc68920b895c80734db5",
        "is_verified": false,
        "line_number": 44
      }
    ],
    "backend/tests/test_integrations.py": [
      {
        "type": "Secret Keyword",
        "filename": "backend/tests/test_integrations.py",
        "hashed_secret": "0c731a5f1dc781894b434c27b9f6a9cd9d9bdfcb",
        "is_verified": false,
        "line_number": 337
      }
    ],
    "backend/tests/test_integrations_api.py": [
      {
        "type": "Secret Keyword",
        "filename": "backend/tests/test_integrations_api.py",
        "hashed_secret": "90c176c8d6c7cd3ce5522b8388df0cffe90fabbc",
        "is_verified": false,
        "line_number": 163
      }
    ],
    "backend/tests/test_redaction_and_judge.py": [
      {
        "type": "AWS Access Key",
        "filename": "backend/tests/test_redaction_and_judge.py",
        "hashed_secret": "25910f981e85ca04baf359199dd0bd4a3ae738b6",
        "is_verified": false,
        "line_number": 15
      },
      {
        "type": "Base64 High Entropy String",
        "filename": "backend/tests/test_redaction_and_judge.py",
        "hashed_secret": "078553dc10635837abb80f404302c70cba91b879",
        "is_verified": false,
        "line_number": 16
      },
      {
        "type": "GitHub Token",
        "filename": "backend/tests/test_redaction_and_judge.py",
        "hashed_secret": "e175c6f5f2a92e8623bd9a4820edb4e8c1b0fd10",
        "is_verified": false,
        "line_number": 16
      },
      {
        "type": "Base64 High Entropy String",
        "filename": "backend/tests/test_redaction_and_judge.py",
        "hashed_secret": "073bee4fb8131eb4b06780210d8b77a8be8b41a5",
        "is_verified": false,
        "line_number": 18
      }
    ],
    "backend/tests/test_vcs.py": [
      {
        "type": "AWS Access Key",
        "filename": "backend/tests/test_vcs.py",
        "hashed_secret": "25910f981e85ca04baf359199dd0bd4a3ae738b6",
        "is_verified": false,
        "line_number": 295
      }
    ],
    "demo-target/lab/data.py": [
      {
        "type": "Basic Auth Credentials",
        "filename": "demo-target/lab/data.py",
        "hashed_secret": "f84da01e5469e42c2401553458ae455818bf196e",
        "is_verified": false,
        "line_number": 21
      }
    ],
    "docker-compose.yml": [
      {
        "type": "Basic Auth Credentials",
        "filename": "docker-compose.yml",
        "hashed_secret": "d848d2b090c51a5c77b4a9c06ec471e47fa9085b",
        "is_verified": false,
        "line_number": 38
      }
    ],
    "docs/examples/quickstart.py": [
      {
        "type": "Secret Keyword",
        "filename": "docs/examples/quickstart.py",
        "hashed_secret": "38939f4b87308808f4a868dda76cdc5e7f6024ce",
        "is_verified": false,
        "line_number": 40
      }
    ],
    "docs/installation.md": [
      {
        "type": "Basic Auth Credentials",
        "filename": "docs/installation.md",
        "hashed_secret": "afc848c316af1a89d49826c5ae9d00ed769415f3",
        "is_verified": false,
        "line_number": 57
      }
    ],
    "frontend/lib/__tests__/validation.test.ts": [
      {
        "type": "Secret Keyword",
        "filename": "frontend/lib/__tests__/validation.test.ts",
        "hashed_secret": "38939f4b87308808f4a868dda76cdc5e7f6024ce",
        "is_verified": false,
        "line_number": 27
      },
      {
        "type": "Secret Keyword",
        "filename": "frontend/lib/__tests__/validation.test.ts",
        "hashed_secret": "a0f4ea7d91495df92bbac2e2149dfb850fe81396",
        "is_verified": false,
        "line_number": 36
      }
    ]
  },
  "generated_at": "2026-09-26T07:19:37Z"
}
